---
source: crates/callsoro-syntax/src/lexer.rs
expression: display
---
- "1:37 newline"
- "2:1 network"
- "2:9 ident(testnet)"
- "2:16 newline"
- "3:1 source"
- "3:9 ident(GAAAAAAAAAAAAAAAAAAAAAAAAAAAAAAAAAAAAAAAAAAAAAAAAAAAAWHF)"
- "3:65 newline"
- "4:1 fee"
- "4:9 number(100000)"
- "4:15 newline"
- "5:1 timeout"
- "5:9 number(60)"
- "5:11 newline"
- "7:1 call"
- "7:6 ident(CAAAAAAAAAAAAAAAAAAAAAAAAAAAAAAAAAAAAAAAAAAAAAAAAAAABSC4)"
- "7:63 ident(approve)"
- "7:70 ("
- "7:71 newline"
- "8:3 ident(address)"
- "8:10 ("
- "8:11 string(\"GAAAAAAAAAAAAAAAAAAAAAAAAAAAAAAAAAAAAAAAAAAAAAAAAAAAAWHF\")"
- "8:69 )"
- "8:70 ,"
- "8:71 newline"
- "9:3 ident(address)"
- "9:10 ("
- "9:11 string(\"GAAQEAYEAUDAOCAJBIFQYDIOB4IBCEQTCQKRMFYYDENBWHA5DYPSABOV\")"
- "9:69 )"
- "9:70 ,"
- "9:71 newline"
- "10:3 ident(i128)"
- "10:7 ("
- "10:8 string(\"5000000\")"
- "10:17 )"
- "10:18 newline"
- "11:1 )"
- "11:2 newline"
- "13:1 call"
- "13:6 ident(CAAAAAAAAAAAAAAAAAAAAAAAAAAAAAAAAAAAAAAAAAAAAAAAAAAABSC4)"
- "13:63 ident(transfer)"
- "13:71 ("
- "13:72 newline"
- "14:3 ident(address)"
- "14:10 ("
- "14:11 string(\"GAAAAAAAAAAAAAAAAAAAAAAAAAAAAAAAAAAAAAAAAAAAAAAAAAAAAWHF\")"
- "14:69 )"
- "14:70 ,"
- "14:71 newline"
- "15:3 ident(address)"
- "15:10 ("
- "15:11 string(\"GAAQEAYEAUDAOCAJBIFQYDIOB4IBCEQTCQKRMFYYDENBWHA5DYPSABOV\")"
- "15:69 )"
- "15:70 ,"
- "15:71 newline"
- "16:3 ident(i128)"
- "16:7 ("
- "16:8 string(\"5000000\")"
- "16:17 )"
- "16:18 newline"
- "17:1 )"
- "17:2 newline"
- "18:1 EOF"
